// Jest Snapshot v1, https://goo.gl/fbAQLP

exports[`AddLabelsComp should display labels on action 1`] = `
<Fragment>
  <div
    style={
      Object {
        "textAlign": "center",
      }
    }
  >
    <div
      className="node_asset"
      key="label-0"
    >
      <ForwardRef
        className="icon"
        icon="bookmark-tag-1"
        scheme="neutral-dark"
        size="avatar-nano"
      />
      Help
    </div>
    <div
      className="node_asset"
      key="label-1"
    >
      <ForwardRef
        className="icon"
        icon="bookmark-tag-1"
        scheme="neutral-dark"
        size="avatar-nano"
      />
      New
    </div>
    <div
      className="node_asset"
      key="label-2"
    >
      <ForwardRef
        className="icon"
        icon="bookmark-tag-1"
        scheme="neutral-dark"
        size="avatar-nano"
      />
      Feedback
    </div>
    <div
      className="node_asset"
      key="label-3"
    >
      <ForwardRef
        className="icon"
        icon="bookmark-tag-1"
        scheme="neutral-dark"
        size="avatar-nano"
      />
      Needs Attention
    </div>
    <div
      key="ellipses"
    >
      +
      2
       more
    </div>
  </div>
</Fragment>
`;
