// Jest Snapshot v1, https://goo.gl/fbAQLP

exports[`ParamElement render should render param 1`] = `
<body>
  <div>
    <div
      class="ele group"
    >
      <div
        class="param"
        data-draggable="true"
      >
        <span
          class="fe-chevrons-expand dnd_icon"
          data-draggable="true"
        />
        <div
          class="choice"
        >
          <div
            class="small "
          >
            <temba-select
              data-testid="temba_select_service_call_param"
              errors="[]"
              expressions=""
              name="Service Call Param"
              namekey="verboseName"
              placeholder="param"
              valuekey="name"
              values="[{\\"type\\":\\"identificacao\\",\\"verboseName\\":\\"Identificação\\",\\"filters\\":[{\\"name\\":\\"nCod\\",\\"type\\":\\"integer\\",\\"verboseName\\":\\"Código do Contato\\"},{\\"name\\":\\"cCodInt\\",\\"type\\":\\"text\\",\\"verboseName\\":\\"Código de Integração\\",\\"required\\":true},{\\"name\\":\\"cNome\\",\\"type\\":\\"string\\",\\"verboseName\\":\\"Nome do contato\\",\\"required\\":true},{\\"name\\":\\"cSobrenome\\",\\"type\\":\\"string\\",\\"verboseName\\":\\"Sobrenome do contato\\"},{\\"name\\":\\"cCargo\\",\\"type\\":\\"string\\",\\"verboseName\\":\\"Cargo\\"},{\\"name\\":\\"dDtNasc\\",\\"type\\":\\"string\\",\\"verboseName\\":\\"Data de Nascimento\\"},{\\"name\\":\\"nCodVend\\",\\"type\\":\\"integer\\",\\"verboseName\\":\\"Código do Vendedor\\"},{\\"name\\":\\"nCodConta\\",\\"type\\":\\"integer\\",\\"verboseName\\":\\"Código da Conta\\"}],\\"uuid\\":\\"763e4844-3e1b-407a-a1b5-5fdfcd308b41\\",\\"filter\\":{\\"value\\":{\\"name\\":\\"nCod\\",\\"type\\":\\"integer\\",\\"verboseName\\":\\"Código do Contato\\"}},\\"data\\":{\\"value\\":\\"\\"},\\"valid\\":true}]"
            />
          </div>
        </div>
        <div
          class="choice"
        >
          <div
            class="small "
          >
            <temba-select
              data-testid="temba_select_service_call_param_filter"
              errors="[]"
              expressions=""
              name="Service Call Param Filter"
              namekey="verboseName"
              placeholder="filter"
              valuekey="name"
              values="[{\\"name\\":\\"nCod\\",\\"type\\":\\"integer\\",\\"verboseName\\":\\"Código do Contato\\"}]"
            />
          </div>
        </div>
        <div
          class="data"
        >
          <div
            data-use-vue-component-wrap=""
            style="all: unset;"
          >
            <div
              class="unnnic-text-area sm normal"
              data-passed-props="[object Object]"
              data-v-a95e6368=""
            >
              <!---->
              <textarea
                data-v-a95e6368=""
              />
              <!---->
              <!---->
            </div>
          </div>
        </div>
        <span
          class="fe-x remove_icon"
          data-testid="remove-param-763e4844-3e1b-407a-a1b5-5fdfcd308b41"
        />
      </div>
    </div>
  </div>
</body>
`;

exports[`ParamElement update handles data change 1`] = `
<body>
  <div>
    <div
      class="ele group"
    >
      <div
        class="param"
        data-draggable="true"
      >
        <span
          class="fe-chevrons-expand dnd_icon"
          data-draggable="true"
        />
        <div
          class="choice"
        >
          <div
            class="small "
          >
            <temba-select
              data-testid="temba_select_service_call_param"
              errors="[]"
              expressions=""
              name="Service Call Param"
              namekey="verboseName"
              placeholder="param"
              valuekey="name"
              values="[{\\"type\\":\\"identificacao\\",\\"verboseName\\":\\"Identificação\\",\\"filters\\":[{\\"name\\":\\"nCod\\",\\"type\\":\\"integer\\",\\"verboseName\\":\\"Código do Contato\\"},{\\"name\\":\\"cCodInt\\",\\"type\\":\\"text\\",\\"verboseName\\":\\"Código de Integração\\",\\"required\\":true},{\\"name\\":\\"cNome\\",\\"type\\":\\"string\\",\\"verboseName\\":\\"Nome do contato\\",\\"required\\":true},{\\"name\\":\\"cSobrenome\\",\\"type\\":\\"string\\",\\"verboseName\\":\\"Sobrenome do contato\\"},{\\"name\\":\\"cCargo\\",\\"type\\":\\"string\\",\\"verboseName\\":\\"Cargo\\"},{\\"name\\":\\"dDtNasc\\",\\"type\\":\\"string\\",\\"verboseName\\":\\"Data de Nascimento\\"},{\\"name\\":\\"nCodVend\\",\\"type\\":\\"integer\\",\\"verboseName\\":\\"Código do Vendedor\\"},{\\"name\\":\\"nCodConta\\",\\"type\\":\\"integer\\",\\"verboseName\\":\\"Código da Conta\\"}],\\"uuid\\":\\"763e4844-3e1b-407a-a1b5-5fdfcd308b41\\",\\"filter\\":{\\"value\\":{\\"name\\":\\"nCod\\",\\"type\\":\\"integer\\",\\"verboseName\\":\\"Código do Contato\\"}},\\"data\\":{\\"value\\":\\"\\"},\\"valid\\":true}]"
            />
          </div>
        </div>
        <div
          class="choice"
        >
          <div
            class="small "
          >
            <temba-select
              data-testid="temba_select_service_call_param_filter"
              errors="[]"
              expressions=""
              name="Service Call Param Filter"
              namekey="verboseName"
              placeholder="filter"
              valuekey="name"
              values="[{\\"name\\":\\"nCod\\",\\"type\\":\\"integer\\",\\"verboseName\\":\\"Código do Contato\\"}]"
            />
          </div>
        </div>
        <div
          class="data"
        >
          <div
            class="ele"
          >
            <div
              class="wrapper small"
            >
              <input
                data-testid="Service Call Param Data"
                name="Service Call Param Data"
                value="new data"
              />
            </div>
          </div>
        </div>
        <span
          class="fe-x remove_icon"
          data-testid="remove-param-763e4844-3e1b-407a-a1b5-5fdfcd308b41"
        />
      </div>
    </div>
  </div>
</body>
`;

exports[`ParamElement update handles filter change 1`] = `
<body>
  <div>
    <div
      class="ele group"
    >
      <div
        class="param"
        data-draggable="true"
      >
        <span
          class="fe-chevrons-expand dnd_icon"
          data-draggable="true"
        />
        <div
          class="choice"
        >
          <div
            class="small "
          >
            <temba-select
              data-testid="temba_select_service_call_param"
              errors="[]"
              expressions=""
              name="Service Call Param"
              namekey="verboseName"
              placeholder="param"
              valuekey="name"
              values="[{\\"type\\":\\"identificacao\\",\\"verboseName\\":\\"Identificação\\",\\"filters\\":[{\\"name\\":\\"nCod\\",\\"type\\":\\"integer\\",\\"verboseName\\":\\"Código do Contato\\"},{\\"name\\":\\"cCodInt\\",\\"type\\":\\"text\\",\\"verboseName\\":\\"Código de Integração\\",\\"required\\":true},{\\"name\\":\\"cNome\\",\\"type\\":\\"string\\",\\"verboseName\\":\\"Nome do contato\\",\\"required\\":true},{\\"name\\":\\"cSobrenome\\",\\"type\\":\\"string\\",\\"verboseName\\":\\"Sobrenome do contato\\"},{\\"name\\":\\"cCargo\\",\\"type\\":\\"string\\",\\"verboseName\\":\\"Cargo\\"},{\\"name\\":\\"dDtNasc\\",\\"type\\":\\"string\\",\\"verboseName\\":\\"Data de Nascimento\\"},{\\"name\\":\\"nCodVend\\",\\"type\\":\\"integer\\",\\"verboseName\\":\\"Código do Vendedor\\"},{\\"name\\":\\"nCodConta\\",\\"type\\":\\"integer\\",\\"verboseName\\":\\"Código da Conta\\"}],\\"uuid\\":\\"763e4844-3e1b-407a-a1b5-5fdfcd308b41\\",\\"filter\\":{\\"value\\":{\\"name\\":\\"nCod\\",\\"type\\":\\"integer\\",\\"verboseName\\":\\"Código do Contato\\"}},\\"data\\":{\\"value\\":\\"\\"},\\"valid\\":true}]"
            />
          </div>
        </div>
        <div
          class="choice"
        >
          <div
            class="small "
          >
            <temba-select
              data-testid="temba_select_service_call_param_filter"
              errors="[]"
              expressions=""
              name="Service Call Param Filter"
              namekey="verboseName"
              placeholder="filter"
              valuekey="name"
              values="[{\\"name\\":\\"nCodConta\\",\\"type\\":\\"integer\\",\\"verboseName\\":\\"Código da Conta\\"}]"
            />
          </div>
        </div>
        <div
          class="data"
        >
          <div
            data-use-vue-component-wrap=""
            style="all: unset;"
          >
            <div
              class="unnnic-text-area sm normal"
              data-passed-props="[object Object]"
              data-v-a95e6368=""
            >
              <!---->
              <textarea
                data-v-a95e6368=""
              />
              <!---->
              <!---->
            </div>
          </div>
        </div>
        <span
          class="fe-x remove_icon"
          data-testid="remove-param-763e4844-3e1b-407a-a1b5-5fdfcd308b41"
        />
      </div>
    </div>
  </div>
</body>
`;

exports[`ParamElement update handles filter change from correct param after param change 1`] = `
<body>
  <div>
    <div
      class="ele group"
    >
      <div
        class="param"
        data-draggable="true"
      >
        <span
          class="fe-chevrons-expand dnd_icon"
          data-draggable="true"
        />
        <div
          class="choice"
        >
          <div
            class="small "
          >
            <temba-select
              data-testid="temba_select_service_call_param"
              errors="[]"
              expressions=""
              name="Service Call Param"
              namekey="verboseName"
              placeholder="param"
              valuekey="name"
              values="[{\\"type\\":\\"telefone_email\\",\\"verboseName\\":\\"Telefone e Email\\",\\"filters\\":[{\\"name\\":\\"cDDDCel1\\",\\"type\\":\\"string\\",\\"maxLength\\":5,\\"verboseName\\":\\"DDD do celular 1\\"},{\\"name\\":\\"cNumCel1\\",\\"type\\":\\"string\\",\\"maxLength\\":15,\\"verboseName\\":\\"Número do Celular 1\\"},{\\"name\\":\\"cDDDCel2\\",\\"type\\":\\"string\\",\\"maxLength\\":5,\\"verboseName\\":\\"DDD do Celular 2\\"},{\\"name\\":\\"cNumCel2\\",\\"type\\":\\"string\\",\\"maxLength\\":15,\\"verboseName\\":\\"Número do Celular 2\\"},{\\"name\\":\\"cDDDTel\\",\\"type\\":\\"string\\",\\"maxLength\\":5,\\"verboseName\\":\\"DDD do Telefone\\"},{\\"name\\":\\"cNumTel\\",\\"type\\":\\"string\\",\\"maxLength\\":15,\\"verboseName\\":\\"Número do Telefone\\"},{\\"name\\":\\"cDDDFax\\",\\"type\\":\\"string\\",\\"maxLength\\":5,\\"verboseName\\":\\"DDD do Fax\\"},{\\"name\\":\\"cNumFax\\",\\"type\\":\\"string\\",\\"maxLength\\":15,\\"verboseName\\":\\"Número do Fax\\"},{\\"name\\":\\"cEmail\\",\\"type\\":\\"string\\",\\"maxLength\\":200,\\"verboseName\\":\\"E-mail do contato\\"},{\\"name\\":\\"cWebsite\\",\\"type\\":\\"string\\",\\"maxLength\\":100,\\"verboseName\\":\\"WebSite\\"}]}]"
            />
          </div>
        </div>
        <div
          class="choice"
        >
          <div
            class="small "
          >
            <temba-select
              data-testid="temba_select_service_call_param_filter"
              errors="[]"
              expressions=""
              name="Service Call Param Filter"
              namekey="verboseName"
              placeholder="filter"
              valuekey="name"
              values="[{\\"name\\":\\"cDDDCel2\\",\\"type\\":\\"string\\",\\"maxLength\\":5,\\"verboseName\\":\\"DDD do Celular 2\\"}]"
            />
          </div>
        </div>
        <div
          class="data"
        >
          <div
            class="ele"
          >
            <div
              class="wrapper small"
            >
              <input
                data-testid="Service Call Param Data"
                name="Service Call Param Data"
                value="new data"
              />
            </div>
          </div>
        </div>
        <span
          class="fe-x remove_icon"
          data-testid="remove-param-763e4844-3e1b-407a-a1b5-5fdfcd308b41"
        />
      </div>
    </div>
  </div>
</body>
`;

exports[`ParamElement update handles param change 1`] = `
<body>
  <div>
    <div
      class="ele group"
    >
      <div
        class="param"
        data-draggable="true"
      >
        <span
          class="fe-chevrons-expand dnd_icon"
          data-draggable="true"
        />
        <div
          class="choice"
        >
          <div
            class="small "
          >
            <temba-select
              data-testid="temba_select_service_call_param"
              errors="[]"
              expressions=""
              name="Service Call Param"
              namekey="verboseName"
              placeholder="param"
              valuekey="name"
              values="[{\\"type\\":\\"telefone_email\\",\\"verboseName\\":\\"Telefone e Email\\",\\"filters\\":[{\\"name\\":\\"cDDDCel1\\",\\"type\\":\\"string\\",\\"maxLength\\":5,\\"verboseName\\":\\"DDD do celular 1\\"},{\\"name\\":\\"cNumCel1\\",\\"type\\":\\"string\\",\\"maxLength\\":15,\\"verboseName\\":\\"Número do Celular 1\\"},{\\"name\\":\\"cDDDCel2\\",\\"type\\":\\"string\\",\\"maxLength\\":5,\\"verboseName\\":\\"DDD do Celular 2\\"},{\\"name\\":\\"cNumCel2\\",\\"type\\":\\"string\\",\\"maxLength\\":15,\\"verboseName\\":\\"Número do Celular 2\\"},{\\"name\\":\\"cDDDTel\\",\\"type\\":\\"string\\",\\"maxLength\\":5,\\"verboseName\\":\\"DDD do Telefone\\"},{\\"name\\":\\"cNumTel\\",\\"type\\":\\"string\\",\\"maxLength\\":15,\\"verboseName\\":\\"Número do Telefone\\"},{\\"name\\":\\"cDDDFax\\",\\"type\\":\\"string\\",\\"maxLength\\":5,\\"verboseName\\":\\"DDD do Fax\\"},{\\"name\\":\\"cNumFax\\",\\"type\\":\\"string\\",\\"maxLength\\":15,\\"verboseName\\":\\"Número do Fax\\"},{\\"name\\":\\"cEmail\\",\\"type\\":\\"string\\",\\"maxLength\\":200,\\"verboseName\\":\\"E-mail do contato\\"},{\\"name\\":\\"cWebsite\\",\\"type\\":\\"string\\",\\"maxLength\\":100,\\"verboseName\\":\\"WebSite\\"}]}]"
            />
          </div>
        </div>
        <div
          class="choice"
        >
          <div
            class="small "
          >
            <temba-select
              data-testid="temba_select_service_call_param_filter"
              errors="[]"
              expressions=""
              name="Service Call Param Filter"
              namekey="verboseName"
              placeholder="filter"
              valuekey="name"
              values="[{\\"name\\":\\"cDDDCel1\\",\\"type\\":\\"string\\",\\"maxLength\\":5,\\"verboseName\\":\\"DDD do celular 1\\"}]"
            />
          </div>
        </div>
        <div
          class="data"
        >
          <div
            data-use-vue-component-wrap=""
            style="all: unset;"
          >
            <div
              class="unnnic-text-area sm normal"
              data-passed-props="[object Object]"
              data-v-a95e6368=""
            >
              <!---->
              <textarea
                data-v-a95e6368=""
              />
              <!---->
              <!---->
            </div>
          </div>
        </div>
        <span
          class="fe-x remove_icon"
          data-testid="remove-param-763e4844-3e1b-407a-a1b5-5fdfcd308b41"
        />
      </div>
    </div>
  </div>
</body>
`;
