// Jest Snapshot v1, https://goo.gl/fbAQLP

exports[`Dialog should render 1`] = `
<body>
  <div>
    <div
      class="dialog"
    >
      <div
        class="header iconed barber"
      >
        <span
          class="header_icon fe-icon"
        />
        <div
          class="title_container"
        >
          <div
            class="title u font secondary title-sm black"
          >
            My Dialog
          </div>
          <div
            class="subtitle"
          >
            Subtitlf
          </div>
        </div>
      </div>
      <div
        class="content"
      />
      <div
        class="footer"
      >
        <div
          class="buttons"
        >
          <div
            class="gutter"
          >
            <div>
              The Gutter
            </div>
          </div>
          <div
            class="buttons_wrapper"
          >
            <div
              class="left_buttons"
            >
              <div
                data-use-vue-component-wrap=""
              >
                <button
                  class="unnnic-button unnnic-button--size-large unnnic-button--ghost unnnic-button-scheme--"
                  data-passed-props="[object Object]"
                  data-v-c21b2f22=""
                  style="margin-left: 0px; margin-top: 0px;"
                >
                  <!---->
                  <!---->
                  <!---->
                  <span
                    class="unnnic-button__label"
                    data-v-c21b2f22=""
                  >
                     Other 
                  </span>
                  <!---->
                </button>
              </div>
            </div>
            <div
              class="right_buttons"
            >
              <div
                data-use-vue-component-wrap=""
              >
                <button
                  class="unnnic-button unnnic-button--size-large unnnic-button--ghost unnnic-button-scheme--"
                  data-passed-props="[object Object]"
                  data-v-c21b2f22=""
                  style="margin-left: 0px; margin-top: 0px;"
                >
                  <!---->
                  <!---->
                  <!---->
                  <span
                    class="unnnic-button__label"
                    data-v-c21b2f22=""
                  >
                     Cancel 
                  </span>
                  <!---->
                </button>
              </div>
              <div
                data-use-vue-component-wrap=""
              >
                <button
                  class="unnnic-button unnnic-button--size-large unnnic-button--primary unnnic-button-scheme--undefined"
                  data-passed-props="[object Object]"
                  data-v-c21b2f22=""
                  style="margin-top: 0px;"
                >
                  <!---->
                  <!---->
                  <!---->
                  <span
                    class="unnnic-button__label"
                    data-v-c21b2f22=""
                  >
                     Ok 
                  </span>
                  <!---->
                </button>
              </div>
            </div>
          </div>
        </div>
      </div>
    </div>
  </div>
</body>
`;
