// Jest Snapshot v1, https://goo.gl/fbAQLP

exports[`Button render should render self, children with base props 1`] = `
<body>
  <div>
    <div
      data-use-vue-component-wrap=""
    >
      <button
        class="unnnic-button unnnic-button--size-large unnnic-button--primary unnnic-button-scheme--undefined"
        data-passed-props="[object Object]"
        data-v-c21b2f22=""
        style="margin-left: 0px; margin-top: 0px;"
      >
        <!---->
        <!---->
        <!---->
        <span
          class="unnnic-button__label"
          data-v-c21b2f22=""
        >
           Save 
        </span>
        <!---->
      </button>
    </div>
  </div>
</body>
`;
