// Jest Snapshot v1, https://goo.gl/fbAQLP

exports[`CallWebhookComp render should render self 1`] = `
<div
  className="text"
>
  https://www.example.com
</div>
`;
