// Jest Snapshot v1, https://goo.gl/fbAQLP

exports[`SchemeRouterForm should render 1`] = `
<body>
  <div>
    <div
      class="dialog"
    >
      <div
        class="header"
      >
        <div
          class="title_container"
        >
          <div
            class="title u font secondary title-sm black"
          >
            Split by URN type
          </div>
          <div
            class="subtitle"
          />
        </div>
      </div>
      <div
        class="content"
      >
        <div
          class=" type_list"
        >
          <div
            class="color-neutral-cloudy"
          >
            When a contact arrives at this point in your flow...
          </div>
          <div>
            <div
              data-use-vue-component-wrap=""
              style="all: unset;"
            >
              <div
                class="unnnic-autocomplete-select bold_placeholder"
                data-passed-props="[object Object]"
                data-testid="temba_select_type"
                data-v-4e186498=""
              >
                <div
                  class="unnnic-form sm"
                  data-v-48c0c241=""
                  data-v-4e186498=""
                >
                  <!---->
                  <div
                    class="unnnic-form-input"
                    data-v-2d3b8b50=""
                    data-v-48c0c241=""
                    mask=""
                    style="position: relative;"
                    v-bind="[object Object]"
                  >
                    <input
                      class="input size-sm normal has-icon-left"
                      data-v-2d3b8b50=""
                      data-v-f03c53b0=""
                      iconleft="search-1"
                      placeholder="Split by URN type"
                      size="0"
                      type="text"
                      v-bind="[object Object]"
                    />
                    <span
                      class="icon-left unnnic-icon unnnic-icon__size--xs unnnic-icon-scheme--neutral-cloudy"
                      data-v-2d3b8b50=""
                      data-v-a1936218=""
                    >
                      <svg
                        fill="none"
                        viewBox="0 0 40 40"
                        xmlns="http://www.w3.org/2000/svg"
                      >
                        <path
                          class="primary"
                          d="M34.0615 35.0005C33.8116 35.0005 33.5754 34.903 33.3992 34.7256L25.2575 26.5826C24.3065 27.3961 23.2355 28.0597 22.067 28.5559C20.5312 29.2082 18.9178 29.5394 17.272 29.5394C15.7011 29.5394 14.1578 29.2382 12.6819 28.6421C9.64389 27.4161 7.26574 25.0817 5.98481 22.0662C4.70388 19.052 4.67263 15.7178 5.89858 12.6811C7.12452 9.64433 9.45894 7.26492 12.4732 5.98399C14.009 5.33041 15.6211 5.00049 17.2682 5.00049C18.8391 5.00049 20.3825 5.30291 21.8583 5.89776C24.8963 7.12371 27.2745 9.45812 28.5554 12.4736C29.8363 15.4891 29.8676 18.822 28.6416 21.8588C28.1393 23.1035 27.4469 24.2444 26.5809 25.2554L34.7251 33.4009C35.09 33.7658 35.09 34.3606 34.7251 34.7268C34.5477 34.903 34.3115 35.0005 34.0615 35.0005ZM17.2682 6.87502C15.8748 6.87502 14.5077 7.15495 13.2068 7.70856C10.6524 8.79454 8.67413 10.809 7.63564 13.3821C6.59715 15.9552 6.6234 18.7783 7.70813 21.3327C8.7941 23.887 10.8086 25.8653 13.3817 26.9038C14.6326 27.4086 15.9411 27.6636 17.2707 27.6636C18.6641 27.6636 20.0313 27.3836 21.3322 26.83C22.5494 26.3127 23.6404 25.5828 24.5739 24.6606C24.5864 24.6431 24.6002 24.6281 24.6139 24.6143C24.6339 24.5943 24.6526 24.5781 24.6701 24.5656C25.6236 23.6021 26.381 22.4499 26.9021 21.1565C27.9406 18.5833 27.9143 15.7603 26.8283 13.2059C25.7436 10.6516 23.7279 8.67332 21.1548 7.63483C19.9063 7.13121 18.5979 6.87502 17.2682 6.87502Z"
                          fill="#3B414D"
                        />
                      </svg>
                    </span>
                    <!---->
                  </div>
                  <!---->
                </div>
                <!---->
              </div>
            </div>
          </div>
        </div>
        <div
          class="info u font secondary body-md color-neutral-cloudy"
        >
          The contact's URN is the address they used to reach you such as their phone number or a Facebook ID. Select which URN types to split.
        </div>
        <div
          class="ele"
        >
          <div
            class="label u font secondary body-md color-neutral-cloudy"
          >
            Channels
          </div>
          <div
            data-use-vue-component-wrap=""
            style="all: unset;"
          >
            <div
              class="unnnic-autocomplete-select"
              data-passed-props="[object Object]"
              data-testid="temba_select_channels"
              data-v-4e186498=""
            >
              <div
                class="unnnic-form sm"
                data-v-48c0c241=""
                data-v-4e186498=""
              >
                <!---->
                <div
                  class="unnnic-form-input"
                  data-v-2d3b8b50=""
                  data-v-48c0c241=""
                  mask=""
                  style="position: relative;"
                  v-bind="[object Object]"
                >
                  <input
                    class="input size-sm normal has-icon-left"
                    data-v-2d3b8b50=""
                    data-v-f03c53b0=""
                    iconleft="search-1"
                    placeholder="Select the channels to split by"
                    size="0"
                    type="text"
                    v-bind="[object Object]"
                  />
                  <span
                    class="icon-left unnnic-icon unnnic-icon__size--xs unnnic-icon-scheme--neutral-cloudy"
                    data-v-2d3b8b50=""
                    data-v-a1936218=""
                  >
                    <svg
                      fill="none"
                      viewBox="0 0 40 40"
                      xmlns="http://www.w3.org/2000/svg"
                    >
                      <path
                        class="primary"
                        d="M34.0615 35.0005C33.8116 35.0005 33.5754 34.903 33.3992 34.7256L25.2575 26.5826C24.3065 27.3961 23.2355 28.0597 22.067 28.5559C20.5312 29.2082 18.9178 29.5394 17.272 29.5394C15.7011 29.5394 14.1578 29.2382 12.6819 28.6421C9.64389 27.4161 7.26574 25.0817 5.98481 22.0662C4.70388 19.052 4.67263 15.7178 5.89858 12.6811C7.12452 9.64433 9.45894 7.26492 12.4732 5.98399C14.009 5.33041 15.6211 5.00049 17.2682 5.00049C18.8391 5.00049 20.3825 5.30291 21.8583 5.89776C24.8963 7.12371 27.2745 9.45812 28.5554 12.4736C29.8363 15.4891 29.8676 18.822 28.6416 21.8588C28.1393 23.1035 27.4469 24.2444 26.5809 25.2554L34.7251 33.4009C35.09 33.7658 35.09 34.3606 34.7251 34.7268C34.5477 34.903 34.3115 35.0005 34.0615 35.0005ZM17.2682 6.87502C15.8748 6.87502 14.5077 7.15495 13.2068 7.70856C10.6524 8.79454 8.67413 10.809 7.63564 13.3821C6.59715 15.9552 6.6234 18.7783 7.70813 21.3327C8.7941 23.887 10.8086 25.8653 13.3817 26.9038C14.6326 27.4086 15.9411 27.6636 17.2707 27.6636C18.6641 27.6636 20.0313 27.3836 21.3322 26.83C22.5494 26.3127 23.6404 25.5828 24.5739 24.6606C24.5864 24.6431 24.6002 24.6281 24.6139 24.6143C24.6339 24.5943 24.6526 24.5781 24.6701 24.5656C25.6236 23.6021 26.381 22.4499 26.9021 21.1565C27.9406 18.5833 27.9143 15.7603 26.8283 13.2059C25.7436 10.6516 23.7279 8.67332 21.1548 7.63483C19.9063 7.13121 18.5979 6.87502 17.2682 6.87502Z"
                        fill="#3B414D"
                      />
                    </svg>
                  </span>
                  <!---->
                </div>
                <!---->
              </div>
              <!---->
            </div>
          </div>
          <div
            class="selected-list-container"
          >
            <div
              data-use-vue-component-wrap=""
              style="all: unset;"
            >
              <div
                class="unnnic-tag-content unnnic-tag
      unnnic-tag-scheme--neutral-dark
      "
                count="0"
                data-passed-props="[object Object]"
                data-v-3e4e81d5=""
                v-bind="[object Object]"
              >
                <span
                  class="unnnic-tag__label
    unnnic-tag__label--hasIcon
    "
                  data-v-3e4e81d5=""
                >
                  SMS
                </span>
                <span
                  class="unnnic-tag__icon unnnic-icon unnnic-icon__size--xs unnnic-icon-scheme--neutral-darkest"
                  data-v-3e4e81d5=""
                  data-v-a1936218=""
                >
                  <svg
                    fill="none"
                    viewBox="0 0 40 40"
                    xmlns="http://www.w3.org/2000/svg"
                  >
                    <path
                      class="primary"
                      d="M34.0592 34.9982C33.9361 34.9985 33.8142 34.9744 33.7004 34.9272C33.5867 34.88 33.4835 34.8107 33.3969 34.7232L19.9995 21.3271L6.60213 34.7232C6.51561 34.811 6.4125 34.8808 6.29879 34.9284C6.18507 34.976 6.06303 35.0005 5.93976 35.0005C5.81648 35.0005 5.69444 34.976 5.58073 34.9284C5.46701 34.8808 5.3639 34.811 5.27739 34.7232C5.10209 34.5471 5.00367 34.3087 5.00367 34.0602C5.00367 33.8117 5.10209 33.5734 5.27739 33.3972L18.6748 19.9999L5.27739 6.60374C5.09992 6.42753 5.00244 6.19132 5.00244 5.94137C5.00244 5.69142 5.09992 5.45522 5.27739 5.279C5.4536 5.10154 5.68981 5.00406 5.93976 5.00406C6.18971 5.00406 6.42591 5.10154 6.60213 5.279L19.9995 18.6751L33.3969 5.27775C33.4834 5.18994 33.5865 5.1202 33.7002 5.0726C33.8139 5.025 33.936 5.00049 34.0592 5.00049C34.1825 5.00049 34.3046 5.025 34.4183 5.0726C34.532 5.1202 34.6351 5.18994 34.7216 5.27775C34.8092 5.36454 34.8787 5.46782 34.9261 5.58161C34.9735 5.69541 34.9979 5.81747 34.9979 5.94075C34.9979 6.06403 34.9735 6.18609 34.9261 6.29988C34.8787 6.41367 34.8092 6.51695 34.7216 6.60374L21.3242 20.0011L34.7216 33.3985C34.8969 33.5746 34.9953 33.813 34.9953 34.0615C34.9953 34.31 34.8969 34.5484 34.7216 34.7245C34.6347 34.8115 34.5315 34.8805 34.4178 34.9275C34.3041 34.9745 34.1822 34.9985 34.0592 34.9982Z"
                      fill="#3B414D"
                    />
                  </svg>
                </span>
              </div>
            </div>
            <div
              data-use-vue-component-wrap=""
              style="all: unset;"
            >
              <div
                class="unnnic-tag-content unnnic-tag
      unnnic-tag-scheme--neutral-dark
      "
                count="0"
                data-passed-props="[object Object]"
                data-v-3e4e81d5=""
                v-bind="[object Object]"
              >
                <span
                  class="unnnic-tag__label
    unnnic-tag__label--hasIcon
    "
                  data-v-3e4e81d5=""
                >
                  WhatsApp
                </span>
                <span
                  class="unnnic-tag__icon unnnic-icon unnnic-icon__size--xs unnnic-icon-scheme--neutral-darkest"
                  data-v-3e4e81d5=""
                  data-v-a1936218=""
                >
                  <svg
                    fill="none"
                    viewBox="0 0 40 40"
                    xmlns="http://www.w3.org/2000/svg"
                  >
                    <path
                      class="primary"
                      d="M34.0592 34.9982C33.9361 34.9985 33.8142 34.9744 33.7004 34.9272C33.5867 34.88 33.4835 34.8107 33.3969 34.7232L19.9995 21.3271L6.60213 34.7232C6.51561 34.811 6.4125 34.8808 6.29879 34.9284C6.18507 34.976 6.06303 35.0005 5.93976 35.0005C5.81648 35.0005 5.69444 34.976 5.58073 34.9284C5.46701 34.8808 5.3639 34.811 5.27739 34.7232C5.10209 34.5471 5.00367 34.3087 5.00367 34.0602C5.00367 33.8117 5.10209 33.5734 5.27739 33.3972L18.6748 19.9999L5.27739 6.60374C5.09992 6.42753 5.00244 6.19132 5.00244 5.94137C5.00244 5.69142 5.09992 5.45522 5.27739 5.279C5.4536 5.10154 5.68981 5.00406 5.93976 5.00406C6.18971 5.00406 6.42591 5.10154 6.60213 5.279L19.9995 18.6751L33.3969 5.27775C33.4834 5.18994 33.5865 5.1202 33.7002 5.0726C33.8139 5.025 33.936 5.00049 34.0592 5.00049C34.1825 5.00049 34.3046 5.025 34.4183 5.0726C34.532 5.1202 34.6351 5.18994 34.7216 5.27775C34.8092 5.36454 34.8787 5.46782 34.9261 5.58161C34.9735 5.69541 34.9979 5.81747 34.9979 5.94075C34.9979 6.06403 34.9735 6.18609 34.9261 6.29988C34.8787 6.41367 34.8092 6.51695 34.7216 6.60374L21.3242 20.0011L34.7216 33.3985C34.8969 33.5746 34.9953 33.813 34.9953 34.0615C34.9953 34.31 34.8969 34.5484 34.7216 34.7245C34.6347 34.8115 34.5315 34.8805 34.4178 34.9275C34.3041 34.9745 34.1822 34.9985 34.0592 34.9982Z"
                      fill="#3B414D"
                    />
                  </svg>
                </span>
              </div>
            </div>
            <div
              data-use-vue-component-wrap=""
              style="all: unset;"
            >
              <div
                class="unnnic-tag-content unnnic-tag
      unnnic-tag-scheme--neutral-dark
      "
                count="0"
                data-passed-props="[object Object]"
                data-v-3e4e81d5=""
                v-bind="[object Object]"
              >
                <span
                  class="unnnic-tag__label
    unnnic-tag__label--hasIcon
    "
                  data-v-3e4e81d5=""
                >
                  Facebook
                </span>
                <span
                  class="unnnic-tag__icon unnnic-icon unnnic-icon__size--xs unnnic-icon-scheme--neutral-darkest"
                  data-v-3e4e81d5=""
                  data-v-a1936218=""
                >
                  <svg
                    fill="none"
                    viewBox="0 0 40 40"
                    xmlns="http://www.w3.org/2000/svg"
                  >
                    <path
                      class="primary"
                      d="M34.0592 34.9982C33.9361 34.9985 33.8142 34.9744 33.7004 34.9272C33.5867 34.88 33.4835 34.8107 33.3969 34.7232L19.9995 21.3271L6.60213 34.7232C6.51561 34.811 6.4125 34.8808 6.29879 34.9284C6.18507 34.976 6.06303 35.0005 5.93976 35.0005C5.81648 35.0005 5.69444 34.976 5.58073 34.9284C5.46701 34.8808 5.3639 34.811 5.27739 34.7232C5.10209 34.5471 5.00367 34.3087 5.00367 34.0602C5.00367 33.8117 5.10209 33.5734 5.27739 33.3972L18.6748 19.9999L5.27739 6.60374C5.09992 6.42753 5.00244 6.19132 5.00244 5.94137C5.00244 5.69142 5.09992 5.45522 5.27739 5.279C5.4536 5.10154 5.68981 5.00406 5.93976 5.00406C6.18971 5.00406 6.42591 5.10154 6.60213 5.279L19.9995 18.6751L33.3969 5.27775C33.4834 5.18994 33.5865 5.1202 33.7002 5.0726C33.8139 5.025 33.936 5.00049 34.0592 5.00049C34.1825 5.00049 34.3046 5.025 34.4183 5.0726C34.532 5.1202 34.6351 5.18994 34.7216 5.27775C34.8092 5.36454 34.8787 5.46782 34.9261 5.58161C34.9735 5.69541 34.9979 5.81747 34.9979 5.94075C34.9979 6.06403 34.9735 6.18609 34.9261 6.29988C34.8787 6.41367 34.8092 6.51695 34.7216 6.60374L21.3242 20.0011L34.7216 33.3985C34.8969 33.5746 34.9953 33.813 34.9953 34.0615C34.9953 34.31 34.8969 34.5484 34.7216 34.7245C34.6347 34.8115 34.5315 34.8805 34.4178 34.9275C34.3041 34.9745 34.1822 34.9985 34.0592 34.9982Z"
                      fill="#3B414D"
                    />
                  </svg>
                </span>
              </div>
            </div>
          </div>
        </div>
        <div
          class="optional_text_input toggle"
        >
          <span
            class="toggle_link "
            data-spec="toggle-link"
            data-testid="toggle-link"
          >
            Save as
            <div
              data-use-vue-component-wrap=""
              style="all: unset;"
            >
              <span
                class="unnnic-icon unnnic-icon__size--xs unnnic-icon-scheme--neutral-cleanest"
                data-passed-props="[object Object]"
                data-v-a1936218=""
              >
                <svg
                  fill="none"
                  viewBox="0 0 40 40"
                  xmlns="http://www.w3.org/2000/svg"
                >
                  <path
                    class="primary"
                    d="M14.0093 34.6856L29.5962 20.9572C29.726 20.8328 29.8292 20.6835 29.8997 20.5182C29.9702 20.3529 30.0066 20.1751 30.0066 19.9954C30.0066 19.8157 29.9702 19.6379 29.8997 19.4726C29.8292 19.3073 29.726 19.158 29.5962 19.0336L14.0093 5.31149C13.8857 5.20174 13.7412 5.11796 13.5845 5.06514C13.4279 5.01232 13.2622 4.99153 13.0973 5.00401C12.9325 5.01648 12.7718 5.06197 12.6249 5.13776C12.4779 5.21356 12.3477 5.31812 12.242 5.44522L10.296 7.75745C10.0786 8.0153 9.97133 8.34827 9.99728 8.68451C10.0232 9.02076 10.1804 9.33332 10.4347 9.55474L22.2496 19.7598C22.2837 19.7891 22.311 19.8255 22.3298 19.8664C22.3486 19.9072 22.3583 19.9517 22.3583 19.9967C22.3583 20.0416 22.3486 20.0861 22.3298 20.1269C22.311 20.1678 22.2837 20.2042 22.2496 20.2335L10.4385 30.4423C10.3118 30.5523 10.2081 30.6862 10.1333 30.8363C10.0584 30.9865 10.0139 31.1499 10.0023 31.3172C9.98744 31.4836 10.0061 31.6513 10.0572 31.8104C10.1083 31.9695 10.1908 32.1167 10.2997 32.2434L12.247 34.5568C12.3529 34.6836 12.4832 34.7879 12.6301 34.8635C12.7771 34.9391 12.9377 34.9845 13.1024 34.997C13.2672 35.0094 13.4328 34.9887 13.5894 34.9361C13.746 34.8835 13.8905 34.8 14.0143 34.6906L14.0093 34.6856Z"
                    fill="#3B414D"
                  />
                </svg>
              </span>
            </div>
          </span>
        </div>
      </div>
      <div
        class="footer"
      >
        <div
          class="buttons"
        >
          <div
            class="buttons_wrapper"
          >
            <div
              class="right_buttons"
            >
              <div
                data-use-vue-component-wrap=""
              >
                <button
                  class="unnnic-button unnnic-button--size-large unnnic-button--terciary unnnic-button-scheme--"
                  data-passed-props="[object Object]"
                  data-v-00f478da=""
                  style="margin-left: 0px; margin-top: 0px;"
                >
                  <!---->
                  <!---->
                  <!---->
                  <span
                    class="unnnic-button__label"
                    data-v-00f478da=""
                  >
                     Cancel 
                  </span>
                  <!---->
                </button>
              </div>
              <div
                data-use-vue-component-wrap=""
              >
                <button
                  class="unnnic-button unnnic-button--size-large unnnic-button--secondary unnnic-button-scheme--"
                  data-passed-props="[object Object]"
                  data-v-00f478da=""
                  style="margin-top: 0px;"
                >
                  <!---->
                  <!---->
                  <!---->
                  <span
                    class="unnnic-button__label"
                    data-v-00f478da=""
                  >
                     Confirm 
                  </span>
                  <!---->
                </button>
              </div>
            </div>
          </div>
        </div>
      </div>
    </div>
  </div>
</body>
`;

exports[`SchemeRouterForm should select schemes 1`] = `
Array [
  Object {
    "inboundConnections": Object {},
    "node": Object {
      "actions": Array [],
      "exits": Array [
        Object {
          "uuid": "132de855-4042-4dc1-a18f-cc2e6a8f790a",
        },
        Object {
          "uuid": "42ebf1d0-a43e-4ba6-9577-c863b20c88c4",
        },
        Object {
          "uuid": "e67ce051-f3e4-4c42-807b-e393df5fa382",
        },
        Object {
          "uuid": "6c22884b-0e35-4206-982e-18320691eda9",
        },
      ],
      "router": Object {
        "cases": Array [
          Object {
            "arguments": Array [
              "tel",
            ],
            "category_uuid": "2dc85899-0577-4f1b-a620-f12094e34b5e",
            "type": "has_only_phrase",
            "uuid": "061fc171-8b79-4636-b892-bd0ea5aa9b42",
          },
          Object {
            "arguments": Array [
              "whatsapp",
            ],
            "category_uuid": "70ac6ea6-803a-4c33-81c7-dc26803c313f",
            "type": "has_only_phrase",
            "uuid": "763e4844-3e1b-407a-a1b5-5fdfcd308b41",
          },
          Object {
            "arguments": Array [
              "facebook",
            ],
            "category_uuid": "e0bc3776-792f-49d2-b4be-48be2cf8159a",
            "type": "has_only_phrase",
            "uuid": "1e47a1e1-3c67-4df5-adf1-da542c789adb",
          },
        ],
        "categories": Array [
          Object {
            "exit_uuid": "132de855-4042-4dc1-a18f-cc2e6a8f790a",
            "name": "SMS",
            "uuid": "2dc85899-0577-4f1b-a620-f12094e34b5e",
          },
          Object {
            "exit_uuid": "42ebf1d0-a43e-4ba6-9577-c863b20c88c4",
            "name": "WhatsApp",
            "uuid": "70ac6ea6-803a-4c33-81c7-dc26803c313f",
          },
          Object {
            "exit_uuid": "e67ce051-f3e4-4c42-807b-e393df5fa382",
            "name": "Facebook",
            "uuid": "e0bc3776-792f-49d2-b4be-48be2cf8159a",
          },
          Object {
            "exit_uuid": "6c22884b-0e35-4206-982e-18320691eda9",
            "name": "Other",
            "uuid": "a62e8284-49f8-4292-adbc-d5f6607f85c5",
          },
        ],
        "default_category_uuid": "a62e8284-49f8-4292-adbc-d5f6607f85c5",
        "operand": "@(urn_parts(contact.urn).scheme)",
        "result_name": "",
        "type": "switch",
      },
      "uuid": "0c8c9239-9b59-473a-a229-d8a9693be270",
    },
    "ui": Object {
      "config": Object {
        "cases": Object {},
      },
      "position": null,
      "type": "split_by_scheme",
    },
  },
]
`;
