// Jest Snapshot v1, https://goo.gl/fbAQLP

exports[`SendBroadcastComp render should render a long list of both: elided 1`] = `"<div class=\\"node\\"><div class=\\"to\\"><div class=\\"name\\"><div class=\\"node_asset\\"><div data-use-vue-component-wrap=\\"\\" style=\\"all:;display:inline-block\\"><div></div></div><span class=\\"link truncated\\">Cat Facts</span></div><div class=\\"node_asset\\"><div data-use-vue-component-wrap=\\"\\" style=\\"all:;display:inline-block\\"><div></div></div><span class=\\"link truncated\\">Cat Fanciers</span></div><div class=\\"node_asset\\"><div data-use-vue-component-wrap=\\"\\" style=\\"all:;display:inline-block\\"><div></div></div><span class=\\"link truncated\\">Cat Tattoos</span></div><div class=\\"node_asset\\"><div data-use-vue-component-wrap=\\"\\" style=\\"all:;display:inline-block\\"><div></div></div><span class=\\"link truncated\\">Norbert Kwizera</span></div><div>+2 more</div></div></div><div class=\\"message\\"><div class=\\"line\\">Hello World</div></div></div>"`;

exports[`SendBroadcastComp render should render placeholder if missing text: placeholder text 1`] = `"<div class=\\"placeholder\\">Send a message to the contact</div>"`;

exports[`SendBroadcastComp render should render with contacts: contacts 1`] = `"<div class=\\"node\\"><div class=\\"to\\"><div class=\\"name\\"><div class=\\"node_asset\\"><div data-use-vue-component-wrap=\\"\\" style=\\"all:;display:inline-block\\"><div></div></div><span class=\\"link truncated\\">Norbert Kwizera</span></div><div class=\\"node_asset\\"><div data-use-vue-component-wrap=\\"\\" style=\\"all:;display:inline-block\\"><div></div></div><span class=\\"link truncated\\">Kellan Alexander</span></div></div></div><div class=\\"message\\"><div class=\\"line\\">Hello World</div></div></div>"`;

exports[`SendBroadcastComp render should render with groups: groups 1`] = `"<div class=\\"node\\"><div class=\\"to\\"><div class=\\"name\\"><div class=\\"node_asset\\"><div data-use-vue-component-wrap=\\"\\" style=\\"all:;display:inline-block\\"><div></div></div><span class=\\"link truncated\\">Cat Facts</span></div><div class=\\"node_asset\\"><div data-use-vue-component-wrap=\\"\\" style=\\"all:;display:inline-block\\"><div></div></div><span class=\\"link truncated\\">Cat Fanciers</span></div></div></div><div class=\\"message\\"><div class=\\"line\\">Hello World</div></div></div>"`;
