// Jest Snapshot v1, https://goo.gl/fbAQLP

exports[`CaseList render should render empty list 1`] = `
<body>
  <div>
    <div
      class="case_list_container "
    >
      <div
        class="case_list"
      >
        <div
          class="kase case_list_case"
        >
          <div
            class="ele group"
          >
            <div
              class="kase has_any_word"
              data-draggable="true"
            >
              <span
                class="fe-chevrons-expand dnd_icon"
                data-draggable="true"
              />
              <div
                class="choice"
              >
                <div
                  class="small "
                >
                  <temba-select
                    data-testid="temba_select_operator"
                    errors="[]"
                    name="operator"
                    namekey="verboseName"
                    valuekey="type"
                    values="[{\\"type\\":\\"has_any_word\\",\\"verboseName\\":\\"has any of the words\\",\\"operands\\":1,\\"visibility\\":[\\"message\\",\\"message_offline\\"]}]"
                  />
                </div>
              </div>
              <div
                class="single_operand"
              >
                <div
                  class="ele"
                >
                  <div
                    class="wrapper"
                  >
                    <input
                      class="textinput"
                      data-spec="input"
                      data-testid="input"
                      maxlength="-1"
                      name="arguments"
                      placeholder=""
                      type="text"
                      value=""
                    />
                    <div
                      class="completion_container hidden"
                      data-spec="completion-options"
                      style="top: 0px; left: 0px;"
                    >
                      <div
                        class="options_wrapper"
                      >
                        <ul
                          class="option_list"
                          data-spec="completion-list"
                        />
                        <div
                          class="help"
                          data-spec="completion-help"
                        >
                          Tab to complete, enter to select
                        </div>
                      </div>
                    </div>
                  </div>
                </div>
              </div>
              <div
                class="categorize_as"
                data-draggable="true"
              >
                categorize as
              </div>
              <div
                class="category"
              >
                <div
                  class="ele"
                >
                  <div
                    class="wrapper"
                  >
                    <input
                      class="textinput"
                      data-spec="input"
                      data-testid="input"
                      maxlength="36"
                      name="Exit Name"
                      type="text"
                      value=""
                    />
                    <div
                      class="completion_container hidden"
                      data-spec="completion-options"
                      style="top: 0px; left: 0px;"
                    >
                      <div
                        class="options_wrapper"
                      >
                        <ul
                          class="option_list"
                          data-spec="completion-list"
                        />
                        <div
                          class="help"
                          data-spec="completion-help"
                        >
                          Tab to complete, enter to select
                        </div>
                      </div>
                    </div>
                  </div>
                </div>
              </div>
              <span
                class="fe-x remove_icon"
                data-testid="remove-case-477ac8b4-25e2-483a-8686-2d1332c4da1c"
              />
            </div>
          </div>
        </div>
      </div>
    </div>
  </div>
</body>
`;

exports[`CaseList render should render list of cases 1`] = `
<body>
  <div>
    <div
      class="case_list_container "
    >
      <div
        class="case_list"
      >
        <div
          class="kase case_list_case"
        >
          <div
            class="ele group"
          >
            <div
              class="kase has_any_word"
              data-draggable="true"
            >
              <span
                class="fe-chevrons-expand dnd_icon"
                data-draggable="true"
              />
              <div
                class="choice"
              >
                <div
                  class="small "
                >
                  <temba-select
                    data-testid="temba_select_operator"
                    errors="[]"
                    name="operator"
                    namekey="verboseName"
                    valuekey="type"
                    values="[{\\"type\\":\\"has_any_word\\",\\"verboseName\\":\\"has any of the words\\",\\"operands\\":1,\\"visibility\\":[\\"message\\",\\"message_offline\\"]}]"
                  />
                </div>
              </div>
              <div
                class="single_operand"
              >
                <div
                  class="ele"
                >
                  <div
                    class="wrapper"
                  >
                    <input
                      class="textinput"
                      data-spec="input"
                      data-testid="input"
                      maxlength="-1"
                      name="arguments"
                      placeholder=""
                      type="text"
                      value="Red, r"
                    />
                    <div
                      class="completion_container hidden"
                      data-spec="completion-options"
                      style="top: 0px; left: 0px;"
                    >
                      <div
                        class="options_wrapper"
                      >
                        <ul
                          class="option_list"
                          data-spec="completion-list"
                        />
                        <div
                          class="help"
                          data-spec="completion-help"
                        >
                          Tab to complete, enter to select
                        </div>
                      </div>
                    </div>
                  </div>
                </div>
              </div>
              <div
                class="categorize_as"
                data-draggable="true"
              >
                categorize as
              </div>
              <div
                class="category"
              >
                <div
                  class="ele"
                >
                  <div
                    class="wrapper"
                  >
                    <input
                      class="textinput"
                      data-spec="input"
                      data-testid="input"
                      maxlength="36"
                      name="Exit Name"
                      type="text"
                      value="Red"
                    />
                    <div
                      class="completion_container hidden"
                      data-spec="completion-options"
                      style="top: 0px; left: 0px;"
                    >
                      <div
                        class="options_wrapper"
                      >
                        <ul
                          class="option_list"
                          data-spec="completion-list"
                        />
                        <div
                          class="help"
                          data-spec="completion-help"
                        >
                          Tab to complete, enter to select
                        </div>
                      </div>
                    </div>
                  </div>
                </div>
              </div>
              <span
                class="fe-x remove_icon"
                data-testid="remove-case-b1f332f3-bdd3-4891-aec5-1843a712dbf1"
              />
            </div>
          </div>
        </div>
        <div
          class="kase case_list_case"
        >
          <div
            class="ele group"
          >
            <div
              class="kase has_any_word"
              data-draggable="true"
            >
              <span
                class="fe-chevrons-expand dnd_icon"
                data-draggable="true"
              />
              <div
                class="choice"
              >
                <div
                  class="small "
                >
                  <temba-select
                    data-testid="temba_select_operator"
                    errors="[]"
                    name="operator"
                    namekey="verboseName"
                    valuekey="type"
                    values="[{\\"type\\":\\"has_any_word\\",\\"verboseName\\":\\"has any of the words\\",\\"operands\\":1,\\"visibility\\":[\\"message\\",\\"message_offline\\"]}]"
                  />
                </div>
              </div>
              <div
                class="single_operand"
              >
                <div
                  class="ele"
                >
                  <div
                    class="wrapper"
                  >
                    <input
                      class="textinput"
                      data-spec="input"
                      data-testid="input"
                      maxlength="-1"
                      name="arguments"
                      placeholder=""
                      type="text"
                      value="Green, g"
                    />
                    <div
                      class="completion_container hidden"
                      data-spec="completion-options"
                      style="top: 0px; left: 0px;"
                    >
                      <div
                        class="options_wrapper"
                      >
                        <ul
                          class="option_list"
                          data-spec="completion-list"
                        />
                        <div
                          class="help"
                          data-spec="completion-help"
                        >
                          Tab to complete, enter to select
                        </div>
                      </div>
                    </div>
                  </div>
                </div>
              </div>
              <div
                class="categorize_as"
                data-draggable="true"
              >
                categorize as
              </div>
              <div
                class="category"
              >
                <div
                  class="ele"
                >
                  <div
                    class="wrapper"
                  >
                    <input
                      class="textinput"
                      data-spec="input"
                      data-testid="input"
                      maxlength="36"
                      name="Exit Name"
                      type="text"
                      value="Green"
                    />
                    <div
                      class="completion_container hidden"
                      data-spec="completion-options"
                      style="top: 0px; left: 0px;"
                    >
                      <div
                        class="options_wrapper"
                      >
                        <ul
                          class="option_list"
                          data-spec="completion-list"
                        />
                        <div
                          class="help"
                          data-spec="completion-help"
                        >
                          Tab to complete, enter to select
                        </div>
                      </div>
                    </div>
                  </div>
                </div>
              </div>
              <span
                class="fe-x remove_icon"
                data-testid="remove-case-061fc171-8b79-4636-b892-bd0ea5aa9b42"
              />
            </div>
          </div>
        </div>
        <div
          class="kase case_list_case"
        >
          <div
            class="ele group"
          >
            <div
              class="kase has_any_word"
              data-draggable="true"
            >
              <span
                class="fe-chevrons-expand dnd_icon"
                data-draggable="true"
              />
              <div
                class="choice"
              >
                <div
                  class="small "
                >
                  <temba-select
                    data-testid="temba_select_operator"
                    errors="[]"
                    name="operator"
                    namekey="verboseName"
                    valuekey="type"
                    values="[{\\"type\\":\\"has_any_word\\",\\"verboseName\\":\\"has any of the words\\",\\"operands\\":1,\\"visibility\\":[\\"message\\",\\"message_offline\\"]}]"
                  />
                </div>
              </div>
              <div
                class="single_operand"
              >
                <div
                  class="ele"
                >
                  <div
                    class="wrapper"
                  >
                    <input
                      class="textinput"
                      data-spec="input"
                      data-testid="input"
                      maxlength="-1"
                      name="arguments"
                      placeholder=""
                      type="text"
                      value=""
                    />
                    <div
                      class="completion_container hidden"
                      data-spec="completion-options"
                      style="top: 0px; left: 0px;"
                    >
                      <div
                        class="options_wrapper"
                      >
                        <ul
                          class="option_list"
                          data-spec="completion-list"
                        />
                        <div
                          class="help"
                          data-spec="completion-help"
                        >
                          Tab to complete, enter to select
                        </div>
                      </div>
                    </div>
                  </div>
                </div>
              </div>
              <div
                class="categorize_as"
                data-draggable="true"
              >
                categorize as
              </div>
              <div
                class="category"
              >
                <div
                  class="ele"
                >
                  <div
                    class="wrapper"
                  >
                    <input
                      class="textinput"
                      data-spec="input"
                      data-testid="input"
                      maxlength="36"
                      name="Exit Name"
                      type="text"
                      value=""
                    />
                    <div
                      class="completion_container hidden"
                      data-spec="completion-options"
                      style="top: 0px; left: 0px;"
                    >
                      <div
                        class="options_wrapper"
                      >
                        <ul
                          class="option_list"
                          data-spec="completion-list"
                        />
                        <div
                          class="help"
                          data-spec="completion-help"
                        >
                          Tab to complete, enter to select
                        </div>
                      </div>
                    </div>
                  </div>
                </div>
              </div>
              <span
                class="fe-x remove_icon"
                data-testid="remove-case-1e47a1e1-3c67-4df5-adf1-da542c789adb"
              />
            </div>
          </div>
        </div>
      </div>
    </div>
  </div>
</body>
`;

exports[`CaseList updates should remove cases 1`] = `
<body>
  <div>
    <div
      class="case_list_container "
    >
      <div
        class="case_list"
      >
        <div
          class="kase case_list_case"
        >
          <div
            class="ele group"
          >
            <div
              class="kase has_any_word"
              data-draggable="true"
            >
              <span
                class="fe-chevrons-expand dnd_icon"
                data-draggable="true"
              />
              <div
                class="choice"
              >
                <div
                  class="small "
                >
                  <temba-select
                    data-testid="temba_select_operator"
                    errors="[]"
                    name="operator"
                    namekey="verboseName"
                    valuekey="type"
                    values="[{\\"type\\":\\"has_any_word\\",\\"verboseName\\":\\"has any of the words\\",\\"operands\\":1,\\"visibility\\":[\\"message\\",\\"message_offline\\"]}]"
                  />
                </div>
              </div>
              <div
                class="single_operand"
              >
                <div
                  class="ele"
                >
                  <div
                    class="wrapper"
                  >
                    <input
                      class="textinput"
                      data-spec="input"
                      data-testid="input"
                      maxlength="-1"
                      name="arguments"
                      placeholder=""
                      type="text"
                      value="Green, g"
                    />
                    <div
                      class="completion_container hidden"
                      data-spec="completion-options"
                      style="top: 0px; left: 0px;"
                    >
                      <div
                        class="options_wrapper"
                      >
                        <ul
                          class="option_list"
                          data-spec="completion-list"
                        />
                        <div
                          class="help"
                          data-spec="completion-help"
                        >
                          Tab to complete, enter to select
                        </div>
                      </div>
                    </div>
                  </div>
                </div>
              </div>
              <div
                class="categorize_as"
                data-draggable="true"
              >
                categorize as
              </div>
              <div
                class="category"
              >
                <div
                  class="ele"
                >
                  <div
                    class="wrapper"
                  >
                    <input
                      class="textinput"
                      data-spec="input"
                      data-testid="input"
                      maxlength="36"
                      name="Exit Name"
                      type="text"
                      value="Green"
                    />
                    <div
                      class="completion_container hidden"
                      data-spec="completion-options"
                      style="top: 0px; left: 0px;"
                    >
                      <div
                        class="options_wrapper"
                      >
                        <ul
                          class="option_list"
                          data-spec="completion-list"
                        />
                        <div
                          class="help"
                          data-spec="completion-help"
                        >
                          Tab to complete, enter to select
                        </div>
                      </div>
                    </div>
                  </div>
                </div>
              </div>
              <span
                class="fe-x remove_icon"
                data-testid="remove-case-061fc171-8b79-4636-b892-bd0ea5aa9b42"
              />
            </div>
          </div>
        </div>
        <div
          class="kase case_list_case"
        >
          <div
            class="ele group"
          >
            <div
              class="kase has_any_word"
              data-draggable="true"
            >
              <span
                class="fe-chevrons-expand dnd_icon"
                data-draggable="true"
              />
              <div
                class="choice"
              >
                <div
                  class="small "
                >
                  <temba-select
                    data-testid="temba_select_operator"
                    errors="[]"
                    name="operator"
                    namekey="verboseName"
                    valuekey="type"
                    values="[{\\"type\\":\\"has_any_word\\",\\"verboseName\\":\\"has any of the words\\",\\"operands\\":1,\\"visibility\\":[\\"message\\",\\"message_offline\\"]}]"
                  />
                </div>
              </div>
              <div
                class="single_operand"
              >
                <div
                  class="ele"
                >
                  <div
                    class="wrapper"
                  >
                    <input
                      class="textinput"
                      data-spec="input"
                      data-testid="input"
                      maxlength="-1"
                      name="arguments"
                      placeholder=""
                      type="text"
                      value=""
                    />
                    <div
                      class="completion_container hidden"
                      data-spec="completion-options"
                      style="top: 0px; left: 0px;"
                    >
                      <div
                        class="options_wrapper"
                      >
                        <ul
                          class="option_list"
                          data-spec="completion-list"
                        />
                        <div
                          class="help"
                          data-spec="completion-help"
                        >
                          Tab to complete, enter to select
                        </div>
                      </div>
                    </div>
                  </div>
                </div>
              </div>
              <div
                class="categorize_as"
                data-draggable="true"
              >
                categorize as
              </div>
              <div
                class="category"
              >
                <div
                  class="ele"
                >
                  <div
                    class="wrapper"
                  >
                    <input
                      class="textinput"
                      data-spec="input"
                      data-testid="input"
                      maxlength="36"
                      name="Exit Name"
                      type="text"
                      value=""
                    />
                    <div
                      class="completion_container hidden"
                      data-spec="completion-options"
                      style="top: 0px; left: 0px;"
                    >
                      <div
                        class="options_wrapper"
                      >
                        <ul
                          class="option_list"
                          data-spec="completion-list"
                        />
                        <div
                          class="help"
                          data-spec="completion-help"
                        >
                          Tab to complete, enter to select
                        </div>
                      </div>
                    </div>
                  </div>
                </div>
              </div>
              <span
                class="fe-x remove_icon"
                data-testid="remove-case-1e47a1e1-3c67-4df5-adf1-da542c789adb"
              />
            </div>
          </div>
        </div>
      </div>
    </div>
  </div>
</body>
`;

exports[`CaseList updates should update cases 1`] = `
<body>
  <div>
    <div
      class="case_list_container "
    >
      <div
        class="case_list"
      >
        <div
          class="kase case_list_case"
        >
          <div
            class="ele group"
          >
            <div
              class="kase has_any_word"
              data-draggable="true"
            >
              <span
                class="fe-chevrons-expand dnd_icon"
                data-draggable="true"
              />
              <div
                class="choice"
              >
                <div
                  class="small "
                >
                  <temba-select
                    data-testid="temba_select_operator"
                    errors="[]"
                    name="operator"
                    namekey="verboseName"
                    valuekey="type"
                    values="[{\\"type\\":\\"has_any_word\\",\\"verboseName\\":\\"has any of the words\\",\\"operands\\":1,\\"visibility\\":[\\"message\\",\\"message_offline\\"]}]"
                  />
                </div>
              </div>
              <div
                class="single_operand"
              >
                <div
                  class="ele"
                >
                  <div
                    class="wrapper"
                  >
                    <input
                      class="textinput"
                      data-spec="input"
                      data-testid="input"
                      maxlength="-1"
                      name="arguments"
                      placeholder=""
                      type="text"
                      value="Purple, p"
                    />
                    <div
                      class="completion_container hidden"
                      data-spec="completion-options"
                      style="top: 0px; left: 0px;"
                    >
                      <div
                        class="options_wrapper"
                      >
                        <ul
                          class="option_list"
                          data-spec="completion-list"
                        />
                        <div
                          class="help"
                          data-spec="completion-help"
                        >
                          Tab to complete, enter to select
                        </div>
                      </div>
                    </div>
                  </div>
                </div>
              </div>
              <div
                class="categorize_as"
                data-draggable="true"
              >
                categorize as
              </div>
              <div
                class="category"
              >
                <div
                  class="ele"
                >
                  <div
                    class="wrapper"
                  >
                    <input
                      class="textinput"
                      data-spec="input"
                      data-testid="input"
                      maxlength="36"
                      name="Exit Name"
                      type="text"
                      value="Red"
                    />
                    <div
                      class="completion_container hidden"
                      data-spec="completion-options"
                      style="top: 0px; left: 0px;"
                    >
                      <div
                        class="options_wrapper"
                      >
                        <ul
                          class="option_list"
                          data-spec="completion-list"
                        />
                        <div
                          class="help"
                          data-spec="completion-help"
                        >
                          Tab to complete, enter to select
                        </div>
                      </div>
                    </div>
                  </div>
                </div>
              </div>
              <span
                class="fe-x remove_icon"
                data-testid="remove-case-b1f332f3-bdd3-4891-aec5-1843a712dbf1"
              />
            </div>
          </div>
        </div>
        <div
          class="kase case_list_case"
        >
          <div
            class="ele group"
          >
            <div
              class="kase has_any_word"
              data-draggable="true"
            >
              <span
                class="fe-chevrons-expand dnd_icon"
                data-draggable="true"
              />
              <div
                class="choice"
              >
                <div
                  class="small "
                >
                  <temba-select
                    data-testid="temba_select_operator"
                    errors="[]"
                    name="operator"
                    namekey="verboseName"
                    valuekey="type"
                    values="[{\\"type\\":\\"has_any_word\\",\\"verboseName\\":\\"has any of the words\\",\\"operands\\":1,\\"visibility\\":[\\"message\\",\\"message_offline\\"]}]"
                  />
                </div>
              </div>
              <div
                class="single_operand"
              >
                <div
                  class="ele"
                >
                  <div
                    class="wrapper"
                  >
                    <input
                      class="textinput"
                      data-spec="input"
                      data-testid="input"
                      maxlength="-1"
                      name="arguments"
                      placeholder=""
                      type="text"
                      value="Green, g"
                    />
                    <div
                      class="completion_container hidden"
                      data-spec="completion-options"
                      style="top: 0px; left: 0px;"
                    >
                      <div
                        class="options_wrapper"
                      >
                        <ul
                          class="option_list"
                          data-spec="completion-list"
                        />
                        <div
                          class="help"
                          data-spec="completion-help"
                        >
                          Tab to complete, enter to select
                        </div>
                      </div>
                    </div>
                  </div>
                </div>
              </div>
              <div
                class="categorize_as"
                data-draggable="true"
              >
                categorize as
              </div>
              <div
                class="category"
              >
                <div
                  class="ele"
                >
                  <div
                    class="wrapper"
                  >
                    <input
                      class="textinput"
                      data-spec="input"
                      data-testid="input"
                      maxlength="36"
                      name="Exit Name"
                      type="text"
                      value="Green"
                    />
                    <div
                      class="completion_container hidden"
                      data-spec="completion-options"
                      style="top: 0px; left: 0px;"
                    >
                      <div
                        class="options_wrapper"
                      >
                        <ul
                          class="option_list"
                          data-spec="completion-list"
                        />
                        <div
                          class="help"
                          data-spec="completion-help"
                        >
                          Tab to complete, enter to select
                        </div>
                      </div>
                    </div>
                  </div>
                </div>
              </div>
              <span
                class="fe-x remove_icon"
                data-testid="remove-case-061fc171-8b79-4636-b892-bd0ea5aa9b42"
              />
            </div>
          </div>
        </div>
        <div
          class="kase case_list_case"
        >
          <div
            class="ele group"
          >
            <div
              class="kase has_any_word"
              data-draggable="true"
            >
              <span
                class="fe-chevrons-expand dnd_icon"
                data-draggable="true"
              />
              <div
                class="choice"
              >
                <div
                  class="small "
                >
                  <temba-select
                    data-testid="temba_select_operator"
                    errors="[]"
                    name="operator"
                    namekey="verboseName"
                    valuekey="type"
                    values="[{\\"type\\":\\"has_any_word\\",\\"verboseName\\":\\"has any of the words\\",\\"operands\\":1,\\"visibility\\":[\\"message\\",\\"message_offline\\"]}]"
                  />
                </div>
              </div>
              <div
                class="single_operand"
              >
                <div
                  class="ele"
                >
                  <div
                    class="wrapper"
                  >
                    <input
                      class="textinput"
                      data-spec="input"
                      data-testid="input"
                      maxlength="-1"
                      name="arguments"
                      placeholder=""
                      type="text"
                      value=""
                    />
                    <div
                      class="completion_container hidden"
                      data-spec="completion-options"
                      style="top: 0px; left: 0px;"
                    >
                      <div
                        class="options_wrapper"
                      >
                        <ul
                          class="option_list"
                          data-spec="completion-list"
                        />
                        <div
                          class="help"
                          data-spec="completion-help"
                        >
                          Tab to complete, enter to select
                        </div>
                      </div>
                    </div>
                  </div>
                </div>
              </div>
              <div
                class="categorize_as"
                data-draggable="true"
              >
                categorize as
              </div>
              <div
                class="category"
              >
                <div
                  class="ele"
                >
                  <div
                    class="wrapper"
                  >
                    <input
                      class="textinput"
                      data-spec="input"
                      data-testid="input"
                      maxlength="36"
                      name="Exit Name"
                      type="text"
                      value=""
                    />
                    <div
                      class="completion_container hidden"
                      data-spec="completion-options"
                      style="top: 0px; left: 0px;"
                    >
                      <div
                        class="options_wrapper"
                      >
                        <ul
                          class="option_list"
                          data-spec="completion-list"
                        />
                        <div
                          class="help"
                          data-spec="completion-help"
                        >
                          Tab to complete, enter to select
                        </div>
                      </div>
                    </div>
                  </div>
                </div>
              </div>
              <span
                class="fe-x remove_icon"
                data-testid="remove-case-1e47a1e1-3c67-4df5-adf1-da542c789adb"
              />
            </div>
          </div>
        </div>
      </div>
    </div>
  </div>
</body>
`;
